
> tmp-app@0.1.0 build
> next build

node.exe : ÔÜá Warning: Next.js 
inferred your workspace root, 
but it may not be correct.
At C:\nvm4w\nodejs\npm.ps1:29 
char:3
+   & $NODE_EXE $NPM_CLI_JS 
$args
+   
~~~~~~~~~~~~~~~~~~~~~~~~~~~~~
    + CategoryInfo          : N 
   otSpecified: (ÔÜá Warning:   
  Ne...not be correct.:String   
 ) [], RemoteException
    + FullyQualifiedErrorId : N 
   ativeCommandError
 
 We detected multiple lockfiles 
and selected the directory of C:
\Users\aryan\package-lock.json 
as the root directory.
 To silence this warning, set 
`turbopack.root` in your 
Next.js config, or consider 
removing one of the lockfiles 
if it's not needed.
   See https://nextjs.org/docs/a
pp/api-reference/config/next-con
fig-js/turbopack#root-directory 
for more information.
 Detected additional lockfiles: 
   * C:\Users\aryan\OneDrive\Des
ktop\ImmersaAI\package-lock.json

Ôû▓ Next.js 16.1.6 (Turbopack)
- Environments: .env

  Creating an optimized production build ...
Ô£ô Compiled successfully in 9.4s
  Running TypeScript ...
  Collecting page data using 7 workers ...
Error: `key_id` or `oauthToken` 
is mandatory
    at new a (C:\Users\aryan\One
Drive\Desktop\ImmersaAI\.next\se
rver\chunks\[root-of-the-server]
__04d0aaba._.js:3:61616)
    at module evaluation (C:\Use
rs\aryan\OneDrive\Desktop\Immers
aAI\.next\server\chunks\[root-of
-the-server]__04d0aaba._.js:3:63
076)
    at instantiateModule (C:\Use
rs\aryan\OneDrive\Desktop\Immers
aAI\.next\server\chunks\[turbopa
ck]_runtime.js:740:9)
    at instantiateRuntimeModule 
(C:\Users\aryan\OneDrive\Desktop
\ImmersaAI\.next\server\chunks\[
turbopack]_runtime.js:768:12)
    at 
getOrInstantiateRuntimeModule (C
:\Users\aryan\OneDrive\Desktop\I
mmersaAI\.next\server\chunks\[tu
rbopack]_runtime.js:781:12)
    at Object.m (C:\Users\aryan\
OneDrive\Desktop\ImmersaAI\.next
\server\chunks\[turbopack]_runti
me.js:790:18)
    at Object.<anonymous> (C:\Us
ers\aryan\OneDrive\Desktop\Immer
saAI\.next\server\app\api\razorp
ay\route.js:6:3)

> Build error occurred
Error: Failed to collect page 
data for /api/razorpay
    at ignore-listed frames {
  type: 'Error'
}
